###############################################################################
#
# IAR ELF Linker V7.20.2.7424/W32 for ARM                 07/Jun/2016  22:55:42
# Copyright 2007-2014 IAR Systems AB.
#
#    Output file  =  C:\Users\yu2ho\Desktop\K10\Debug\Exe\c.out
#    Map file     =  C:\Users\yu2ho\Desktop\K10\Debug\List\c.map
#    Command line =  
#        C:\Users\yu2ho\Desktop\K10\Debug\Obj\_printf.o
#        C:\Users\yu2ho\Desktop\K10\Debug\Obj\ADC.o
#        C:\Users\yu2ho\Desktop\K10\Debug\Obj\assert.o
#        C:\Users\yu2ho\Desktop\K10\Debug\Obj\Balance.o
#        C:\Users\yu2ho\Desktop\K10\Debug\Obj\CCDH.o
#        C:\Users\yu2ho\Desktop\K10\Debug\Obj\CCDQ.o
#        C:\Users\yu2ho\Desktop\K10\Debug\Obj\CLOCK.o
#        C:\Users\yu2ho\Desktop\K10\Debug\Obj\crt0.o
#        C:\Users\yu2ho\Desktop\K10\Debug\Obj\Flash.o
#        C:\Users\yu2ho\Desktop\K10\Debug\Obj\FTM.o
#        C:\Users\yu2ho\Desktop\K10\Debug\Obj\GPIO.o
#        C:\Users\yu2ho\Desktop\K10\Debug\Obj\i2c.o
#        C:\Users\yu2ho\Desktop\K10\Debug\Obj\isr.o
#        C:\Users\yu2ho\Desktop\K10\Debug\Obj\main.o
#        C:\Users\yu2ho\Desktop\K10\Debug\Obj\mma8451.o
#        C:\Users\yu2ho\Desktop\K10\Debug\Obj\Oled.o
#        C:\Users\yu2ho\Desktop\K10\Debug\Obj\PIT.o
#        C:\Users\yu2ho\Desktop\K10\Debug\Obj\SONYCCD.o
#        C:\Users\yu2ho\Desktop\K10\Debug\Obj\union_control.o
#        C:\Users\yu2ho\Desktop\K10\Debug\Obj\vectors.o -o
#        C:\Users\yu2ho\Desktop\K10\Debug\Exe\c.out --redirect
#        _Printf=_PrintfFull --redirect _Scanf=_ScanfFull --map
#        C:\Users\yu2ho\Desktop\K10\Debug\List\c.map --config
#        C:\Users\yu2ho\Desktop\K10\common\512KB_Pflash.icf --semihosting
#        --entry __iar_program_start --vfe
#
###############################################################################

*******************************************************************************
*** RUNTIME MODEL ATTRIBUTES
***

CppFlavor       = *
__SystemLibrary = DLib


*******************************************************************************
*** PLACEMENT SUMMARY
***

"A1":  place at 0x00000000 { ro section .intvec };
"A2":  place at 0x00000410 { ro section .noinit };
"P1":  place in [from 0x00000000 to 0x00080000] { ro, block CodeRelocate };
"P2":  place in [from 0x1fff0410 to 0x20010000] {
          rw, block CodeRelocateRam, block CSTACK, block HEAP };

  Section              Kind        Address    Size  Object
  -------              ----        -------    ----  ------
"A1":                                        0x410
  .intvec              const    0x00000000   0x410  vectors.o [1]
                              - 0x00000410   0x410

"P1", part 1 of 2:                             0x0
  .rodata              const    0x00000410     0x0  zero_init3.o [5]

"A2":                                         0x3c
  .noinit              ro code  0x00000410    0x3c  crt0.o [1]
                              - 0x0000044c    0x3c

"P1", part 2 of 2:                          0x24a8
  .text                ro code  0x0000044c   0xdaa  xprintffull.o [3]
  .text                ro code  0x000011f6    0x22  zero_init3.o [5]
  .text                ro code  0x00001218    0x16  strchr.o [5]
  .text                ro code  0x00001230    0x36  strlen.o [5]
  .text                ro code  0x00001268    0x58  memchr.o [5]
  .text                ro code  0x000012c0    0xee  I64DivMod.o [5]
  .text                ro code  0x000013b0    0x76  ABImemcpy_unaligned.o [5]
  .text                ro code  0x00001426    0x42  xdnorm.o [4]
  .text                ro code  0x00001468    0x2e  DblCmpLe.o [4]
  .text                ro code  0x00001498    0x2e  DblCmpGe.o [4]
  .text                ro code  0x000014c8   0x10c  xdscale.o [4]
  .text                ro code  0x000015d4    0x58  DblToI32.o [4]
  .text                ro code  0x0000162c    0x30  I32ToDbl.o [4]
  .text                ro code  0x0000165c   0x180  DblSub.o [4]
  .text                ro code  0x000017dc   0x1a2  DblMul.o [4]
  .text                ro code  0x00001980   0x246  DblDiv.o [4]
  .text                ro code  0x00001bc6     0xe  div.o [3]
  .text                ro code  0x00001bd4     0x2  I64DivZer.o [5]
  .text                ro code  0x00001bd8    0xd4  DblAdd.o [4]
  .text                ro code  0x00001cac   0x31c  FTM.o [1]
  Veneer               ro code  0x00001fc8     0x8  - Linker created -
  .text                ro code  0x00001fd0   0x228  CLOCK.o [1]
  .text                ro code  0x000021f8   0x19a  vectors.o [1]
  .text                ro code  0x00002394    0x24  printf.o [3]
  .text                ro code  0x000023b8   0x148  isr.o [1]
  .text                ro code  0x00002500    0x9c  main.o [1]
  .text                ro code  0x0000259c    0x7c  PIT.o [1]
  .text                ro code  0x00002618    0x94  Balance.o [1]
  .text                ro code  0x000026ac    0x6c  iarttio.o [6]
  .text                ro code  0x00002718     0x8  XShttio.o [3]
  CodeRelocate                  0x00002720    0x4c  <Block>
    Initializer bytes  ro data  0x00002720    0x4c  <for CodeRelocateRam-1>
  .rodata              const    0x0000276c    0x38  vectors.o [1]
  .text                ro code  0x000027a4    0x28  putchar.o [3]
  .text                ro code  0x000027cc    0x10  write.o [6]
  .text                ro code  0x000027dc    0x1e  dwrite.o [6]
  .text                ro code  0x000027fa    0x20  iarwstd.o [6]
  .text                ro code  0x0000281a    0x22  iarwrite.o [6]
  .text                ro code  0x0000283c    0x28  data_init.o [5]
  .iar.init_table      const    0x00002864    0x10  - Linker created -
  .text                ro code  0x00002874    0x1a  cmain.o [5]
  .text                ro code  0x0000288e     0x4  low_level_init.o [3]
  .text                ro code  0x00002892     0x4  exit.o [3]
  .text                ro code  0x00002898     0xa  cexit.o [5]
  .text                ro code  0x000028a4    0x14  exit.o [6]
  .text                ro code  0x000028b8    0x16  xprout.o [3]
  .data_init                    0x000028d0    0x10  <Block>
    Initializer bytes  ro data  0x000028d0    0x10  <for .data-1>
  .text                ro code  0x000028e0     0xc  cstartup_M.o [5]
  .vec2nd              ro code  0x000028ec     0x8  vectors.o [1]
                              - 0x000028f4  0x24a8

"P2":                                         0x94
  CodeRelocateRam               0x1fff0410    0x4c  <Block>
    CodeRelocateRam-1           0x1fff0410    0x4c  <Init block>
      .textrw          inited   0x1fff0410    0x4c  CLOCK.o [1]
  .data                         0x1fff045c    0x10  <Block>
    .data-1                     0x1fff045c    0x10  <Init block>
      .data            inited   0x1fff045c     0x8  CLOCK.o [1]
      .data            inited   0x1fff0464     0x8  XShttio.o [3]
  .bss                          0x1fff046c    0x38  <Block>
    .bss               zero     0x1fff046c     0x4  isr.o [1]
    .bss               zero     0x1fff0470     0x4  isr.o [1]
    .bss               zero     0x1fff0474     0x4  isr.o [1]
    .bss               zero     0x1fff0478    0x24  isr.o [1]
    .bss               zero     0x1fff049c     0x4  main.o [1]
    .bss               zero     0x1fff04a0     0x4  main.o [1]
                              - 0x1fff04a4    0x94


*******************************************************************************
*** INIT TABLE
***

          Address     Size
          -------     ----
Zero (__iar_zero_init3)
    1 destination range, total size 0x38:
          0x1fff046c  0x38



*******************************************************************************
*** MODULE SUMMARY
***

    Module                 ro code  rw code  ro data  rw data
    ------                 -------  -------  -------  -------
C:\Users\yu2ho\Desktop\K10\Debug\Obj: [1]
    Balance.o                  148
    CLOCK.o                    552       76       84        8
    FTM.o                      796
    PIT.o                      124
    crt0.o                      60
    isr.o                      328                         48
    main.o                     156                          8
    vectors.o                  418             1 096
    ---------------------------------------------------------
    Total:                   2 582       76    1 180       64

command line: [2]
    ---------------------------------------------------------
    Total:

dl7M_tln.a: [3]
    XShttio.o                    8                 8        8
    div.o                       14
    exit.o                       4
    low_level_init.o             4
    printf.o                    36
    putchar.o                   40
    xprintffull.o            3 498
    xprout.o                    22
    ---------------------------------------------------------
    Total:                   3 626                 8        8

m7M_tl.a: [4]
    DblAdd.o                   212
    DblCmpGe.o                  46
    DblCmpLe.o                  46
    DblDiv.o                   582
    DblMul.o                   418
    DblSub.o                   384
    DblToI32.o                  88
    I32ToDbl.o                  48
    xdnorm.o                    66
    xdscale.o                  268
    ---------------------------------------------------------
    Total:                   2 158

rt7M_tl.a: [5]
    ABImemcpy_unaligned.o      118
    I64DivMod.o                238
    I64DivZer.o                  2
    cexit.o                     10
    cmain.o                     26
    cstartup_M.o                12
    data_init.o                 40
    memchr.o                    88
    strchr.o                    22
    strlen.o                    54
    zero_init3.o                34
    ---------------------------------------------------------
    Total:                     644

shb_l.a: [6]
    dwrite.o                    30
    exit.o                      20
    iarttio.o                  108
    iarwrite.o                  34
    iarwstd.o                   32
    write.o                     16
    ---------------------------------------------------------
    Total:                     240

    Gaps                        20
    Linker created               8                16
-------------------------------------------------------------
    Grand Total:             9 278       76    1 204       72


*******************************************************************************
*** ENTRY LIST
***

Entry                      Address   Size  Type      Object
-----                      -------   ----  ----      ------
.bss$$Base              0x1fff046c          --   Gb  - Linker created -
.bss$$Limit             0x1fff04a4          --   Gb  - Linker created -
.data$$Base             0x1fff045c          --   Gb  - Linker created -
.data$$Limit            0x1fff046c          --   Gb  - Linker created -
.data_init$$Base        0x000028d0          --   Gb  - Linker created -
.data_init$$Limit       0x000028e0          --   Gb  - Linker created -
?main                   0x00002875         Code  Gb  cmain.o [5]
CodeRelocate$$Base      0x00002720          --   Gb  - Linker created -
CodeRelocate$$Limit     0x0000276c          --   Gb  - Linker created -
CodeRelocateRam$$Base   0x1fff0410          --   Gb  - Linker created -
CodeRelocateRam$$Limit  0x1fff045c          --   Gb  - Linker created -
DMA_CH0_Handle          0x000023bb    0x2  Code  Gb  isr.o [1]
Delay_ccd               0x00002501   0x34  Code  Gb  main.o [1]
DummyISR                0x00002391    0x2  Code  Gb  vectors.o [1]
FTM0_ISR                0x000023bd    0x8  Code  Gb  isr.o [1]
FTM1_ISR                0x000023c5    0x8  Code  Gb  isr.o [1]
FTM2_ISR                0x000023cd    0x2  Code  Gb  isr.o [1]
FTM_QUAD_init           0x00001e49   0xda  Code  Gb  FTM.o [1]
LoadInt                 0x000009d5   0x6e  Code  Lc  xprintffull.o [3]
PIT0_ISR                0x000023cf   0x18  Code  Gb  isr.o [1]
PIT1_ISR                0x000023e7   0x14  Code  Gb  isr.o [1]
PIT2_ISR                0x000023fb    0xe  Code  Gb  isr.o [1]
PIT3_ISR                0x00002409    0xe  Code  Gb  isr.o [1]
PWM_Init                0x00001cad  0x19c  Code  Gb  FTM.o [1]
Porta_Isr               0x00002417   0x16  Code  Gb  isr.o [1]
Portb_Isr               0x0000242d   0x16  Code  Gb  isr.o [1]
Portc_Isr               0x00002443   0x4e  Code  Gb  isr.o [1]
Portd_Isr               0x00002491   0x16  Code  Gb  isr.o [1]
Porte_Isr               0x000024a7   0x16  Code  Gb  isr.o [1]
QUADRead                0x00002619   0x7e  Code  Gb  Balance.o [1]
Region$$Table$$Base     0x00002864          --   Gb  - Linker created -
Region$$Table$$Limit    0x00002874          --   Gb  - Linker created -
SetSysDividers          0x1fff0411   0x4c  Code  Lc  CLOCK.o [1]
Timer0_Init             0x0000259d   0x30  Code  Gb  PIT.o [1]
Timer1_Init             0x000025cd   0x2e  Code  Gb  PIT.o [1]
UART1_ISR               0x000023b9    0x2  Code  Gb  isr.o [1]
VECTableInit            0x00002219   0x72  Code  Gb  vectors.o [1]
WatchdogDisable         0x000021f9   0x20  Code  Gb  vectors.o [1]
_GenldFull              0x00000f4b  0x264  Code  Lc  xprintffull.o [3]
_LdtobFull              0x00000b49  0x3fc  Code  Lc  xprintffull.o [3]
_LitobFull              0x00000a43  0x106  Code  Lc  xprintffull.o [3]
_PrintfFull             0x0000044d  0x582  Code  Gb  xprintffull.o [3]
_Prout                  0x000028b9   0x16  Code  Gb  xprout.o [3]
_PutcharsFull           0x000011af   0x2e  Code  Lc  xprintffull.o [3]
__BOOT_STACK_ADDRESS {Abs}
                        0x2000fff8          --   Gb  command line/config [2]
__VECTOR_RAM {Abs}      0x1fff0000          --   Gb  command line/config [2]
__VECTOR_TABLE {Abs}    0x00000000          --   Gb  command line/config [2]
__aeabi_cdcmple         0x00001469         Code  Gb  DblCmpLe.o [4]
__aeabi_cdrcmple        0x00001499         Code  Gb  DblCmpGe.o [4]
__aeabi_d2iz            0x000015d5         Code  Gb  DblToI32.o [4]
__aeabi_d2uiz           0x00001601         Code  Gb  DblToI32.o [4]
__aeabi_ddiv            0x00001981         Code  Gb  DblDiv.o [4]
__aeabi_dmul            0x000017dd         Code  Gb  DblMul.o [4]
__aeabi_dsub            0x0000165d         Code  Gb  DblSub.o [4]
__aeabi_i2d             0x0000162d         Code  Gb  I32ToDbl.o [4]
__aeabi_ldiv0           0x00001bd5         Code  Gb  I64DivZer.o [5]
__aeabi_ui2d            0x00001641         Code  Gb  I32ToDbl.o [4]
__aeabi_uldivmod        0x000012c1         Code  Gb  I64DivMod.o [5]
__as_entries_start      0xffffffff          --   Gb  command line/config [2]
__as_table_start        0xffffffff          --   Gb  command line/config [2]
__cmain                 0x00002875         Code  Gb  cmain.o [5]
__dwrite                0x000027dd   0x1e  Code  Gb  dwrite.o [6]
__exit                  0x000028a5   0x14  Code  Gb  exit.o [6]
__iar_Dnorm             0x00001427   0x42  Code  Gb  xdnorm.o [4]
__iar_Dscale            0x000014c9  0x10c  Code  Gb  xdscale.o [4]
__iar_Memchr            0x00001269         Code  Gb  memchr.o [5]
__iar_Strchr            0x00001219         Code  Gb  strchr.o [5]
__iar_close_ttio        0x000026ad   0x2e  Code  Gb  iarttio.o [6]
__iar_d2uiz             0x0000160d         Code  Gb  DblToI32.o [4]
__iar_dadd              0x00001bd9         Code  Gb  DblAdd.o [4]
__iar_data_init3        0x0000283d   0x28  Code  Gb  data_init.o [5]
__iar_dsub              0x00001671         Code  Gb  DblSub.o [4]
__iar_dsubStart         0x00001683         Code  Gb  DblSub.o [4]
__iar_get_ttio          0x000026dd   0x38  Code  Gb  iarttio.o [6]
__iar_lookup_ttioh      0x00002719    0x8  Code  Gb  XShttio.o [3]
__iar_program_start     0x000028e1         Code  Gb  cstartup_M.o [5]
__iar_sh_stdout         0x000027fb   0x20  Code  Gb  iarwstd.o [6]
__iar_sh_write          0x0000281b   0x22  Code  Gb  iarwrite.o [6]
__iar_ttio_handles      0x1fff0464    0x8  Data  Lc  XShttio.o [3]
__iar_ui2d              0x00001645         Code  Gb  I32ToDbl.o [4]
__iar_unaligned___aeabi_memcpy
                        0x000013b1         Code  Gb  ABImemcpy_unaligned.o [5]
__iar_unaligned___aeabi_memcpy4
                        0x000013d1         Code  Gb  ABImemcpy_unaligned.o [5]
__iar_unaligned___aeabi_memcpy8
                        0x000013d1         Code  Gb  ABImemcpy_unaligned.o [5]
__iar_zero_init3        0x000011f7   0x22  Code  Gb  zero_init3.o [5]
__low_level_init        0x0000288f    0x4  Code  Gb  low_level_init.o [3]
__startup               0x00000411         Code  Gb  crt0.o [1]
__vector_table          0x00000000  0x410  Data  Gb  vectors.o [1]
__write                 0x000027cd   0x10  Code  Gb  write.o [6]
_call_main              0x00002881         Code  Gb  cmain.o [5]
_exit                   0x00002899         Code  Gb  cexit.o [5]
_main                   0x0000288b         Code  Gb  cmain.o [5]
bitnum                  0x1fff0470    0x4  Data  Gb  isr.o [1]
default_isr             0x000028ed    0x8  Code  Gb  vectors.o [1]
div                     0x00001bc7    0xe  Code  Gb  div.o [3]
enable_irq              0x0000228b   0xb6  Code  Gb  vectors.o [1]
exit                    0x00002893    0x4  Code  Gb  exit.o [3]
irdata                  0x1fff0478   0x24  Data  Gb  isr.o [1]
irreceiveok             0x1fff0474    0x4  Data  Gb  isr.o [1]
irtime                  0x1fff046c    0x4  Data  Gb  isr.o [1]
main                    0x00002535   0x56  Code  Gb  main.o [1]
mcg_div                 0x1fff045c    0x8  Data  Gb  CLOCK.o [1]
memchr                  0x00001269         Code  Gb  memchr.o [5]
pll_init                0x00001fd1  0x208  Code  Gb  CLOCK.o [1]
printf                  0x00002395   0x24  Code  Gb  printf.o [3]
putchar                 0x000027a5   0x28  Code  Gb  putchar.o [3]
strchr                  0x00001219         Code  Gb  strchr.o [5]
strlen                  0x00001231         Code  Gb  strlen.o [5]
testpwm3                0x1fff049c    0x4  Data  Gb  main.o [1]
testpwm4                0x1fff04a0    0x4  Data  Gb  main.o [1]


[1] = C:\Users\yu2ho\Desktop\K10\Debug\Obj
[2] = command line
[3] = dl7M_tln.a
[4] = m7M_tl.a
[5] = rt7M_tl.a
[6] = shb_l.a

  9 278 bytes of readonly  code memory
     76 bytes of readwrite code memory
  1 204 bytes of readonly  data memory
     72 bytes of readwrite data memory

Errors: none
Warnings: none
